// Jest Snapshot v1, https://goo.gl/fbAQLP

exports[`should render Ingredient Box successfully 1`] = `
<div
  onClick={[Function]}
  style={
    Object {
      "borderColor": "#bcbfff",
      "borderRadius": 10,
      "borderStyle": "solid",
      "borderWidth": 2,
      "cursor": "pointer",
      "display": "flex",
      "flexDirection": "column",
      "height": 90,
      "position": "relative",
    }
  }
>
  <div
    style={
      Object {
        "alignItems": "center",
        "backgroundColor": "#dfecff",
        "borderTopLeftRadius": 8,
        "borderTopRightRadius": 8,
        "display": "flex",
        "flex": 1,
        "justifyContent": "center",
        "padding": 10,
      }
    }
  >
    Chicken
  </div>
  <div
    style={
      Object {
        "alignItems": "center",
        "backgroundColor": "#92c0ff",
        "borderBottomLeftRadius": 8,
        "borderBottomRightRadius": 8,
        "display": "flex",
        "height": 30,
        "justifyContent": "center",
      }
    }
  >
    30-12-2020
  </div>
</div>
`;
